# compiler: R8
# compiler_version: 3.1.51
# pg_map_id: e34c675
# common_typos_disable
# {"id":"com.android.tools.r8.mapping","version":"1.0"}
com.example.easychatwebviewsdkmodule.BuildConfig -> com.example.easychatwebviewsdkmodule.a:
    boolean DEBUG -> a
    java.lang.String BUILD_TYPE -> c
    java.lang.String LIBRARY_PACKAGE_NAME -> b
    1:1:void <init>():6:6 -> <init>
com.example.easychatwebviewsdkmodule.ChatDialog -> com.example.easychatwebviewsdkmodule.b:
    1:1:void <init>():3:3 -> <init>
com.example.easychatwebviewsdkmodule.Params.GlobalParams -> com.example.easychatwebviewsdkmodule.Params.a:
    java.lang.String categoryName -> g
    java.lang.String access_token -> f
    java.lang.String theme -> i
    java.lang.String mobileSessionId -> k
    java.lang.String finalUrl -> j
    java.lang.String random_uuid -> m
    boolean storeChatPermanently -> l
    java.lang.String liveChatSessionId -> o
    java.lang.String selected_language -> n
    java.lang.String customUrlParameters -> p
    com.example.easychatwebviewsdkmodule.dialog.ChatDialog chatDialog -> d
    java.lang.String bot_id -> a
    boolean access_token_verified -> h
    java.lang.String domain_name -> b
    boolean bot_minimized -> c
    java.lang.String base_url -> e
    1:1:void <init>():7:7 -> <init>
    1:1:java.lang.String getAccess_token():36:36 -> a
    2:2:void setAccess_token(java.lang.String):40:40 -> a
    3:3:void setBot_minimized(boolean):56:56 -> a
    4:4:void setChatDialog(com.example.easychatwebviewsdkmodule.dialog.ChatDialog):80:80 -> a
    1:1:java.lang.String getBase_url():44:44 -> b
    2:2:void setBase_url(java.lang.String):48:48 -> b
    3:3:void setStoreChatPermanently(boolean):112:112 -> b
    1:1:java.lang.String getBot_id():60:60 -> c
    2:2:void setBot_id(java.lang.String):64:64 -> c
    1:1:java.lang.String getCategoryName():84:84 -> d
    2:2:void setCategoryName(java.lang.String):88:88 -> d
    1:1:com.example.easychatwebviewsdkmodule.dialog.ChatDialog getChatDialog():76:76 -> e
    2:2:void setCustomUrlParameters(java.lang.String):144:144 -> e
    1:1:void setDomain_name(java.lang.String):72:72 -> f
    2:2:java.lang.String getCustomUrlParameters():140:140 -> f
    1:1:java.lang.String getDomain_name():68:68 -> g
    2:2:void setFinalUrl(java.lang.String):96:96 -> g
    1:1:java.lang.String getFinalUrl():92:92 -> h
    2:2:void setLiveChatSessionId(java.lang.String):136:136 -> h
    1:1:void setMobileSessionId(java.lang.String):104:104 -> i
    2:2:java.lang.String getLiveChatSessionId():132:132 -> i
    1:1:java.lang.String getMobileSessionId():100:100 -> j
    2:2:void setRandom_uuid(java.lang.String):120:120 -> j
    1:1:java.lang.String getRandom_uuid():116:116 -> k
    2:2:void setSelected_language(java.lang.String):128:128 -> k
    1:1:void setTheme(java.lang.String):32:32 -> l
    2:2:java.lang.String getSelected_language():124:124 -> l
    1:1:java.lang.String getTheme():28:28 -> m
    1:1:boolean isBot_minimized():52:52 -> n
    1:1:boolean isStoreChatPermanently():108:108 -> o
com.example.easychatwebviewsdkmodule.ViewModal.AuthenticationViewModal -> com.example.easychatwebviewsdkmodule.ViewModal.a:
    com.example.easychatwebviewsdkmodule.rest.MainRepository mainRepository -> a
    1:1:void <init>():12:12 -> <init>
    1:2:void init():17:18 -> a
    3:3:androidx.lifecycle.LiveData verifyAccessToken(com.example.easychatwebviewsdkmodule.modal.Request.AccessTokenRequestPacket):22:22 -> a
    4:4:com.example.easychatwebviewsdkmodule.modal.Response.LiveChatSessionExpiryResponse liveChatSessionExpiry(com.example.easychatwebviewsdkmodule.modal.Request.LiveChatSessionExpiryRequestPacket):26:26 -> a
    1:1:void resetAccessTokenResponseMutableLiveData():30:30 -> b
    1:1:void resetLiveChatSessionResponseMutableLiveData():34:34 -> c
com.example.easychatwebviewsdkmodule.WebViewClient.MyWebViewClient -> com.example.easychatwebviewsdkmodule.WebViewClient.a:
    1:1:void <init>():6:6 -> <init>
    1:1:void onPageFinished(android.webkit.WebView,java.lang.String):16:16 -> onPageFinished
    1:1:boolean shouldOverrideUrlLoading(android.webkit.WebView,java.lang.String):9:9 -> shouldOverrideUrlLoading
com.example.easychatwebviewsdkmodule.dialog.ChatDialog -> com.example.easychatwebviewsdkmodule.dialog.a:
    int FCR -> o
    com.example.easychatwebviewsdkmodule.utils.TextToSpeech textToSpeech -> f
    java.lang.String mCM -> h
    java.lang.String category_name_param -> k
    android.webkit.ValueCallback mUM -> i
    com.example.easychatwebviewsdkmodule.utils.LanguageUtils languageUtils -> g
    android.webkit.ValueCallback mUMA -> j
    java.lang.Integer RecordAudioRequestCode -> l
    java.lang.Integer CameraRequestCode -> m
    android.webkit.WebView webView -> a
    java.lang.Integer StorageRequestCode -> n
    com.example.easychatwebviewsdkmodule.utils.SpeechToText speechToText -> b
    boolean isRecorderPermissionGranted -> c
    android.widget.ImageButton backButton -> e
    int MY_PERMISSIONS_REQUEST_CODE -> p
    boolean is_text_to_speech_initialized -> d
    1:3:void <clinit>():77:79 -> <clinit>
    1:19:void <init>():74:92 -> <init>
    1:1:android.webkit.WebView access$000(com.example.easychatwebviewsdkmodule.dialog.ChatDialog):74:74 -> a
    2:2:boolean access$302(com.example.easychatwebviewsdkmodule.dialog.ChatDialog,boolean):74:74 -> a
    3:3:android.webkit.ValueCallback access$602(com.example.easychatwebviewsdkmodule.dialog.ChatDialog,android.webkit.ValueCallback):74:74 -> a
    4:7:androidx.fragment.app.DialogFragment newInstance(java.lang.String):132:135 -> a
    8:10:void checkPermission():602:604 -> a
    11:17:void checkPermission():603:609 -> a
    18:21:void checkPermission():608:611 -> a
    22:50:void checkPermission():610:638 -> a
    51:51:void checkPermission():637:637 -> a
    52:71:void checkPermission():615:634 -> a
    72:74:java.lang.String appendQueryParameterToUri(java.lang.String,java.lang.String,java.lang.String):669:671 -> a
    75:80:void verifyLiveChatSessionExpired(androidx.fragment.app.FragmentActivity,java.lang.String):677:682 -> a
    1:1:com.example.easychatwebviewsdkmodule.utils.LanguageUtils access$100(com.example.easychatwebviewsdkmodule.dialog.ChatDialog):74:74 -> b
    2:10:void checkPermissionsForMic():547:555 -> b
    1:1:com.example.easychatwebviewsdkmodule.utils.TextToSpeech access$200(com.example.easychatwebviewsdkmodule.dialog.ChatDialog):74:74 -> c
    2:5:java.io.File createImageFile():528:531 -> c
    1:1:boolean access$300(com.example.easychatwebviewsdkmodule.dialog.ChatDialog):74:74 -> d
    2:3:void initializeSpeechToText():541:542 -> d
    1:1:void access$400(com.example.easychatwebviewsdkmodule.dialog.ChatDialog):74:74 -> e
    2:5:void initializeTextToSpeech():594:597 -> e
    1:1:com.example.easychatwebviewsdkmodule.utils.SpeechToText access$500(com.example.easychatwebviewsdkmodule.dialog.ChatDialog):74:74 -> f
    2:2:void sendDataToWebView():664:664 -> f
    1:1:android.webkit.ValueCallback access$600(com.example.easychatwebviewsdkmodule.dialog.ChatDialog):74:74 -> g
    1:1:void access$700(com.example.easychatwebviewsdkmodule.dialog.ChatDialog):74:74 -> h
    1:17:void onActivityResult(int,int,android.content.Intent):97:113 -> onActivityResult
    18:36:void onActivityResult(int,int,android.content.Intent):107:125 -> onActivityResult
    1:1:android.app.Dialog onCreateDialog(android.os.Bundle):655:655 -> onCreateDialog
    1:1:android.view.View onCreateView(android.view.LayoutInflater,android.view.ViewGroup,android.os.Bundle):154:154 -> onCreateView
    1:2:void onDestroyView():536:537 -> onDestroyView
    1:26:void onRequestPermissionsResult(int,java.lang.String[],int[]):561:586 -> onRequestPermissionsResult
    1:6:void onStart():141:146 -> onStart
    1:41:void onViewCreated(android.view.View,android.os.Bundle):161:201 -> onViewCreated
    42:387:void onViewCreated(android.view.View,android.os.Bundle):176:521 -> onViewCreated
com.example.easychatwebviewsdkmodule.dialog.ChatDialog$1 -> com.example.easychatwebviewsdkmodule.dialog.a$a:
    com.example.easychatwebviewsdkmodule.dialog.ChatDialog this$0 -> a
    1:1:void <init>(com.example.easychatwebviewsdkmodule.dialog.ChatDialog):229:229 -> <init>
    1:6:void close():243:248 -> close
    1:2:void minimize():234:235 -> minimize
    1:46:void reload_chatbot():260:305 -> reload_chatbot
    1:1:void setLiveChatSessionId(java.lang.String):255:255 -> setLiveChatSessionId
    1:21:void start_recording():345:365 -> start_recording
    1:1:void terminateTextToSpeech():338:338 -> terminateTextToSpeech
    1:3:void textToSpeech(java.lang.String,java.lang.String):329:331 -> textToSpeech
com.example.easychatwebviewsdkmodule.dialog.ChatDialog$1$1 -> com.example.easychatwebviewsdkmodule.dialog.a$a$a:
    com.example.easychatwebviewsdkmodule.dialog.ChatDialog$1 this$1 -> c
    java.lang.String val$finalUrl1 -> a
    java.util.Timer val$t -> b
    1:1:void <init>(com.example.easychatwebviewsdkmodule.dialog.ChatDialog$1,java.lang.String,java.util.Timer):306:306 -> <init>
    1:9:void run():309:317 -> run
com.example.easychatwebviewsdkmodule.dialog.ChatDialog$1$1$1 -> com.example.easychatwebviewsdkmodule.dialog.a$a$a$a:
    com.example.easychatwebviewsdkmodule.dialog.ChatDialog$1$1 this$2 -> a
    1:1:void <init>(com.example.easychatwebviewsdkmodule.dialog.ChatDialog$1$1):309:309 -> <init>
    1:2:void run():312:313 -> run
com.example.easychatwebviewsdkmodule.dialog.ChatDialog$1$2 -> com.example.easychatwebviewsdkmodule.dialog.a$a$b:
    com.example.easychatwebviewsdkmodule.dialog.ChatDialog$1 this$1 -> a
    1:1:void <init>(com.example.easychatwebviewsdkmodule.dialog.ChatDialog$1):345:345 -> <init>
    1:10:void run():348:357 -> run
com.example.easychatwebviewsdkmodule.dialog.ChatDialog$2 -> com.example.easychatwebviewsdkmodule.dialog.a$b:
    com.example.easychatwebviewsdkmodule.dialog.ChatDialog this$0 -> a
    1:1:void <init>(com.example.easychatwebviewsdkmodule.dialog.ChatDialog):375:375 -> <init>
    1:1:void onPageStarted(android.webkit.WebView,java.lang.String,android.graphics.Bitmap):411:411 -> onPageStarted
    1:1:void onReceivedError(android.webkit.WebView,int,java.lang.String,java.lang.String):406:406 -> onReceivedError
    1:11:boolean shouldOverrideUrlLoading(android.webkit.WebView,java.lang.String):377:387 -> shouldOverrideUrlLoading
    12:19:boolean shouldOverrideUrlLoading(android.webkit.WebView,java.lang.String):386:393 -> shouldOverrideUrlLoading
    20:25:boolean shouldOverrideUrlLoading(android.webkit.WebView,java.lang.String):392:397 -> shouldOverrideUrlLoading
    26:26:boolean shouldOverrideUrlLoading(android.webkit.WebView,java.lang.String):396:396 -> shouldOverrideUrlLoading
com.example.easychatwebviewsdkmodule.dialog.ChatDialog$3 -> com.example.easychatwebviewsdkmodule.dialog.a$c:
    com.example.easychatwebviewsdkmodule.dialog.ChatDialog this$0 -> a
    1:1:void <init>(com.example.easychatwebviewsdkmodule.dialog.ChatDialog):420:420 -> <init>
    1:2:boolean onConsoleMessage(android.webkit.ConsoleMessage):433:434 -> onConsoleMessage
    1:1:boolean onJsAlert(android.webkit.WebView,java.lang.String,java.lang.String,android.webkit.JsResult):428:428 -> onJsAlert
    1:1:void onPermissionRequest(android.webkit.PermissionRequest):439:439 -> onPermissionRequest
    1:16:boolean onShowFileChooser(android.webkit.WebView,android.webkit.ValueCallback,android.webkit.WebChromeClient$FileChooserParams):446:461 -> onShowFileChooser
com.example.easychatwebviewsdkmodule.dialog.ChatDialog$4 -> com.example.easychatwebviewsdkmodule.dialog.a$d:
    com.example.easychatwebviewsdkmodule.dialog.ChatDialog this$0 -> a
    1:1:void <init>(com.example.easychatwebviewsdkmodule.dialog.ChatDialog):619:619 -> <init>
    1:3:void onClick(android.content.DialogInterface,int):622:622 -> onClick
com.example.easychatwebviewsdkmodule.dialog.ChatDialog$5 -> com.example.easychatwebviewsdkmodule.dialog.a$e:
    com.example.easychatwebviewsdkmodule.dialog.ChatDialog this$0 -> a
    1:1:void <init>(com.example.easychatwebviewsdkmodule.dialog.ChatDialog,android.content.Context,int):655:655 -> <init>
    1:1:void onBackPressed():658:658 -> onBackPressed
com.example.easychatwebviewsdkmodule.modal.Request.AccessTokenRequestPacket -> com.example.easychatwebviewsdkmodule.modal.Request.a:
    java.lang.String access_token -> a
    java.lang.String bot_id -> b
    1:3:void <init>(java.lang.String,java.lang.String):15:17 -> <init>
    4:4:void <init>():20:20 -> <init>
    1:1:java.lang.String getAccess_token():24:24 -> a
    2:2:void setAccess_token(java.lang.String):28:28 -> a
    1:1:java.lang.String getBot_id():32:32 -> b
    2:2:void setBot_id(java.lang.String):36:36 -> b
    1:1:java.lang.String toString():41:41 -> toString
com.example.easychatwebviewsdkmodule.modal.Request.LiveChatSessionExpiryRequestPacket -> com.example.easychatwebviewsdkmodule.modal.Request.b:
    java.lang.String livechat_session_id -> a
    1:2:void <init>(java.lang.String):11:12 -> <init>
    3:3:void <init>():15:15 -> <init>
    1:1:java.lang.String getLivechat_session_id():19:19 -> a
    2:2:void setLivechat_session_id(java.lang.String):23:23 -> a
    1:1:java.lang.String toString():28:28 -> toString
com.example.easychatwebviewsdkmodule.modal.Response.AccessTokenResponse -> com.example.easychatwebviewsdkmodule.modal.Response.a:
    int status -> a
    1:1:void <init>():21:21 -> <init>
    2:3:void <init>(int):24:25 -> <init>
    1:1:int getStatus():29:29 -> a
    2:2:void setStatus(int):33:33 -> a
    1:1:java.lang.String toString():38:38 -> toString
com.example.easychatwebviewsdkmodule.modal.Response.LiveChatSessionExpiryResponse -> com.example.easychatwebviewsdkmodule.modal.Response.b:
    int status -> a
    1:1:void <init>():15:15 -> <init>
    2:3:void <init>(int):18:19 -> <init>
    1:1:int getStatus():23:23 -> a
    2:2:void setStatus(int):27:27 -> a
    1:1:java.lang.String toString():32:32 -> toString
com.example.easychatwebviewsdkmodule.rest.EasyChatApi -> com.example.easychatwebviewsdkmodule.rest.a:
    java.lang.String BASE_URL -> a
    1:1:void <clinit>():15:15 -> <clinit>
    retrofit2.Call liveChatSessionExpiry(java.lang.String,com.example.easychatwebviewsdkmodule.modal.Request.LiveChatSessionExpiryRequestPacket) -> a
    retrofit2.Call verifyAccessToken(java.lang.String,com.example.easychatwebviewsdkmodule.modal.Request.AccessTokenRequestPacket) -> a
com.example.easychatwebviewsdkmodule.rest.MainRepository -> com.example.easychatwebviewsdkmodule.rest.b:
    java.lang.String TAG -> f
    androidx.lifecycle.MutableLiveData accessTokenMutableLiveData -> c
    com.google.gson.Gson gson -> b
    io.reactivex.disposables.CompositeDisposable disposables -> e
    com.example.easychatwebviewsdkmodule.rest.MainRepository instance -> g
    androidx.lifecycle.MutableLiveData liveChatSessionResponseMutableLiveData -> d
    com.example.easychatwebviewsdkmodule.rest.EasyChatApi easyChatApi -> a
    1:1:void <init>():45:45 -> <init>
    2:8:void <init>():40:46 -> <init>
    1:25:androidx.lifecycle.MutableLiveData verifyAccessToken(com.example.easychatwebviewsdkmodule.modal.Request.AccessTokenRequestPacket):67:91 -> a
    26:52:com.example.easychatwebviewsdkmodule.modal.Response.LiveChatSessionExpiryResponse liveChatSessionExpiry(com.example.easychatwebviewsdkmodule.modal.Request.LiveChatSessionExpiryRequestPacket):95:121 -> a
    53:53:androidx.lifecycle.MutableLiveData getAcessTokenMutableLiveData():152:152 -> a
    1:4:com.example.easychatwebviewsdkmodule.rest.MainRepository getInstance():60:63 -> b
    1:1:androidx.lifecycle.MutableLiveData getLiveChatSessionResponseMutableLiveData():156:156 -> c
    1:7:void setEasyChatApi():50:56 -> d
com.example.easychatwebviewsdkmodule.rest.MainRepository$1 -> com.example.easychatwebviewsdkmodule.rest.b$a:
    com.example.easychatwebviewsdkmodule.rest.MainRepository this$0 -> a
    1:1:void <init>(com.example.easychatwebviewsdkmodule.rest.MainRepository):69:69 -> <init>
    1:1:void onFailure(retrofit2.Call,java.lang.Throwable):86:86 -> onFailure
    1:9:void onResponse(retrofit2.Call,retrofit2.Response):72:80 -> onResponse
com.example.easychatwebviewsdkmodule.rest.MainRepository$2 -> com.example.easychatwebviewsdkmodule.rest.b$b:
    retrofit2.Call val$call -> b
    com.example.easychatwebviewsdkmodule.rest.MainRepository this$0 -> c
    com.example.easychatwebviewsdkmodule.modal.Response.LiveChatSessionExpiryResponse val$resp -> a
    1:1:void <init>(com.example.easychatwebviewsdkmodule.rest.MainRepository,com.example.easychatwebviewsdkmodule.modal.Response.LiveChatSessionExpiryResponse,retrofit2.Call):98:98 -> <init>
    1:7:void run():105:111 -> run
com.example.easychatwebviewsdkmodule.rest.RetrofitService -> com.example.easychatwebviewsdkmodule.rest.c:
    1:1:void <init>():10:10 -> <init>
    1:11:java.lang.Object createService(java.lang.Class,java.lang.String):14:24 -> a
com.example.easychatwebviewsdkmodule.sdkclasses.EasyChat -> com.example.easychatwebviewsdkmodule.sdkclasses.EasyChat:
    com.example.easychatwebviewsdkmodule.dialog.ChatDialog cd -> a
    com.example.easychatwebviewsdkmodule.ViewModal.AuthenticationViewModal authenticationViewModal -> b
    1:1:void <init>():26:26 -> <init>
    1:1:androidx.fragment.app.DialogFragment get_chat_dialog():48:48 -> get_chat_dialog
    1:1:boolean isAccessTokenVerified():80:80 -> isAccessTokenVerified
    1:1:void setAccess_token(java.lang.String):72:72 -> setAccess_token
    1:1:void setBase_url(java.lang.String):84:84 -> setBase_url
    1:1:void setBot_id(java.lang.String):88:88 -> setBot_id
    1:1:void setCategoryName(java.lang.String):76:76 -> setCategoryName
    1:1:void setCustomParameters(java.lang.String):100:100 -> setCustomParameters
    1:1:void setFinalUrl(java.lang.String):95:95 -> setFinalUrl
    1:1:void setSelectedLanguage(java.lang.String):97:97 -> setSelectedLanguage
    1:1:void setTheme(java.lang.String):92:92 -> setTheme
    1:11:void showBot(androidx.fragment.app.FragmentManager,androidx.fragment.app.FragmentActivity):32:42 -> showBot
    1:5:void verifyAccessToken(androidx.fragment.app.FragmentActivity):52:56 -> verifyAccessToken
com.example.easychatwebviewsdkmodule.sdkclasses.EasyChat$1 -> com.example.easychatwebviewsdkmodule.sdkclasses.EasyChat$1:
    1:1:void <init>():56:56 -> <init>
    1:1:void onChanged(java.lang.Object):56:56 -> onChanged
    2:6:void onChanged(com.example.easychatwebviewsdkmodule.modal.Response.AccessTokenResponse):60:64 -> onChanged
com.example.easychatwebviewsdkmodule.utils.CryptoUtils -> com.example.easychatwebviewsdkmodule.utils.a:
    java.lang.String TAG -> a
    1:1:void <init>():21:21 -> <init>
    1:5:byte[] encrypt(byte[],java.lang.String,byte[]):81:85 -> a
    6:12:java.lang.String decrypt(byte[],byte[],byte[]):91:97 -> a
    13:18:java.lang.String randomString(int):109:114 -> a
    19:22:byte[] getInitializationVector():118:121 -> a
    23:23:byte[] decodeBase64(byte[]):126:126 -> a
    24:34:java.lang.String compress(java.lang.String):134:144 -> a
    35:45:java.lang.String compress(java.lang.String):143:153 -> a
    1:12:java.lang.String getCompressedEncryptedRequest(java.lang.String):44:55 -> b
    13:13:java.lang.String getKey():105:105 -> b
    14:14:java.lang.String encodeBase64(byte[]):130:130 -> b
    1:10:java.lang.String getDecryptedResponse(java.lang.String):62:71 -> c
    11:17:java.lang.String getDecryptedResponse(java.lang.String):68:74 -> c
    1:8:java.lang.String getEncryptedRequest(java.lang.String):29:36 -> d
com.example.easychatwebviewsdkmodule.utils.LanguageUtils -> com.example.easychatwebviewsdkmodule.utils.b:
    java.util.HashMap map -> a
    1:1:void <init>():8:8 -> <init>
    2:7:void <init>():6:11 -> <init>
    1:2:java.lang.String getMappedLanguage(java.lang.String):15:16 -> a
com.example.easychatwebviewsdkmodule.utils.SpeechToText -> com.example.easychatwebviewsdkmodule.utils.c:
    android.content.Context context -> a
    android.speech.SpeechRecognizer speechRecognizer -> b
    java.lang.String TAG -> f
    android.content.Intent speechRecognizerIntent -> c
    android.webkit.WebView webView -> e
    java.lang.String editTextMessage -> d
    1:3:void <init>(android.content.Context,android.webkit.WebView):25:27 -> <init>
    1:1:void access$000(com.example.easychatwebviewsdkmodule.utils.SpeechToText,java.lang.String):17:17 -> a
    2:2:android.webkit.WebView access$100(com.example.easychatwebviewsdkmodule.utils.SpeechToText):17:17 -> a
    3:5:void showToastMessage(java.lang.String):105:107 -> a
    6:6:android.speech.SpeechRecognizer getSpeechRecognizer():111:111 -> a
    1:1:android.content.Intent getSpeechRecognizerIntent():115:115 -> b
    1:5:void initializeSpeechRecognizer():31:35 -> c
    1:1:void setSpeechRecognizerListener():39:39 -> d
com.example.easychatwebviewsdkmodule.utils.SpeechToText$1 -> com.example.easychatwebviewsdkmodule.utils.c$a:
    com.example.easychatwebviewsdkmodule.utils.SpeechToText this$0 -> a
    1:1:void <init>(com.example.easychatwebviewsdkmodule.utils.SpeechToText):39:39 -> <init>
    1:1:void onBeginningOfSpeech():48:48 -> onBeginningOfSpeech
    1:8:void onError(int):68:75 -> onError
    1:5:void onResults(android.os.Bundle):80:84 -> onResults
com.example.easychatwebviewsdkmodule.utils.SpeechToText$1$1 -> com.example.easychatwebviewsdkmodule.utils.c$a$a:
    com.example.easychatwebviewsdkmodule.utils.SpeechToText$1 this$1 -> a
    1:1:void <init>(com.example.easychatwebviewsdkmodule.utils.SpeechToText$1):69:69 -> <init>
    1:1:void run():72:72 -> run
com.example.easychatwebviewsdkmodule.utils.SpeechToText$1$2 -> com.example.easychatwebviewsdkmodule.utils.c$a$b:
    com.example.easychatwebviewsdkmodule.utils.SpeechToText$1 this$1 -> b
    java.lang.String val$value -> a
    1:1:void <init>(com.example.easychatwebviewsdkmodule.utils.SpeechToText$1,java.lang.String):84:84 -> <init>
    1:1:void run():87:87 -> run
com.example.easychatwebviewsdkmodule.utils.TextToSpeech -> com.example.easychatwebviewsdkmodule.utils.d:
    android.content.Context context -> a
    android.speech.tts.TextToSpeech textToSpeech -> b
    java.lang.String TAG -> c
    1:2:void <init>(android.content.Context):15:16 -> <init>
    1:1:android.speech.tts.TextToSpeech access$000(com.example.easychatwebviewsdkmodule.utils.TextToSpeech):11:11 -> a
    2:4:void installLanguageCode(int):40:42 -> a
    5:8:void convertTextToSpeech(java.lang.String,java.lang.String):47:50 -> a
    9:9:android.speech.tts.TextToSpeech getTextToSpeech():68:68 -> a
    1:1:void initialiseTextToSpeech():20:20 -> b
    1:2:void shutdownTextToSpeech():56:57 -> c
    1:2:void terminateTextToSpeech():62:63 -> d
com.example.easychatwebviewsdkmodule.utils.TextToSpeech$1 -> com.example.easychatwebviewsdkmodule.utils.d$a:
    com.example.easychatwebviewsdkmodule.utils.TextToSpeech this$0 -> a
    1:1:void <init>(com.example.easychatwebviewsdkmodule.utils.TextToSpeech):20:20 -> <init>
    1:4:void onInit(int):24:27 -> onInit
com.example.easychatwebviewsdkmodule.utils.ViewStyleUtils -> com.example.easychatwebviewsdkmodule.utils.e:
    1:1:void <init>():7:7 -> <init>
    1:6:void setBackgroundColorDraw(android.view.View,float,int,java.lang.String):10:15 -> a
    7:15:void setBackgroundColor(android.view.View,float,int,java.lang.String,java.lang.String,boolean):19:27 -> a
